
> atum@0.0.0 build
> tsc -b && vite build

src/components/ui/ConfirmationModal.tsx(1,1): error TS6133: 'React' is declared but its value is never read.
src/store/useAtumStore.ts(363,29): error TS6133: 'tribeId' is declared but its value is never read.
